// Jest Snapshot v1, https://goo.gl/fbAQLP

exports[`should pass on fixtures/basic.bad.css 1`] = `
Array [
  Object {
    "column": 9,
    "line": 2,
    "rule": "string-quotes",
    "severity": "error",
  },
  Object {
    "column": 1,
    "line": 3,
    "rule": "at-rule-empty-line-before",
    "severity": "error",
  },
  Object {
    "column": 1,
    "line": 5,
    "rule": "at-rule-empty-line-before",
    "severity": "error",
  },
  Object {
    "column": 1,
    "line": 14,
    "rule": "rule-empty-line-before",
    "severity": "error",
  },
  Object {
    "column": 5,
    "line": 15,
    "rule": "comment-no-empty",
    "severity": "error",
  },
  Object {
    "column": 5,
    "line": 21,
    "rule": "rule-empty-line-before",
    "severity": "error",
  },
  Object {
    "column": 1,
    "line": 25,
    "rule": "at-rule-empty-line-before",
    "severity": "error",
  },
  Object {
    "column": 1,
    "line": 30,
    "rule": "comment-empty-line-before",
    "severity": "error",
  },
  Object {
    "column": 1,
    "line": 36,
    "rule": "comment-empty-line-before",
    "severity": "error",
  },
  Object {
    "column": 1,
    "line": 41,
    "rule": "comment-empty-line-before",
    "severity": "error",
  },
  Object {
    "column": 5,
    "line": 45,
    "rule": "comment-empty-line-before",
    "severity": "error",
  },
  Object {
    "column": 1,
    "line": 48,
    "rule": "comment-empty-line-before",
    "severity": "error",
  },
  Object {
    "column": 18,
    "line": 55,
    "rule": "length-zero-no-unit",
    "severity": "error",
  },
]
`;

exports[`should pass on fixtures/basic.good.css 1`] = `Array []`;

exports[`should pass on fixtures/order.bad.css 1`] = `
Array [
  Object {
    "column": 5,
    "line": 7,
    "rule": "order/properties-order",
    "severity": "error",
  },
  Object {
    "column": 5,
    "line": 8,
    "rule": "order/properties-order",
    "severity": "error",
  },
  Object {
    "column": 5,
    "line": 14,
    "rule": "order/properties-order",
    "severity": "error",
  },
  Object {
    "column": 5,
    "line": 20,
    "rule": "order/properties-order",
    "severity": "error",
  },
  Object {
    "column": 5,
    "line": 23,
    "rule": "order/properties-order",
    "severity": "error",
  },
  Object {
    "column": 5,
    "line": 27,
    "rule": "order/properties-order",
    "severity": "error",
  },
  Object {
    "column": 5,
    "line": 32,
    "rule": "declaration-block-no-shorthand-property-overrides",
    "severity": "error",
  },
  Object {
    "column": 5,
    "line": 32,
    "rule": "order/properties-order",
    "severity": "error",
  },
  Object {
    "column": 5,
    "line": 34,
    "rule": "declaration-block-no-shorthand-property-overrides",
    "severity": "error",
  },
  Object {
    "column": 5,
    "line": 34,
    "rule": "order/properties-order",
    "severity": "error",
  },
  Object {
    "column": 5,
    "line": 37,
    "rule": "order/properties-order",
    "severity": "error",
  },
  Object {
    "column": 5,
    "line": 43,
    "rule": "declaration-block-no-shorthand-property-overrides",
    "severity": "error",
  },
  Object {
    "column": 5,
    "line": 43,
    "rule": "order/properties-order",
    "severity": "error",
  },
  Object {
    "column": 5,
    "line": 57,
    "rule": "order/properties-order",
    "severity": "error",
  },
  Object {
    "column": 5,
    "line": 64,
    "rule": "declaration-block-no-shorthand-property-overrides",
    "severity": "error",
  },
  Object {
    "column": 5,
    "line": 64,
    "rule": "order/properties-order",
    "severity": "error",
  },
  Object {
    "column": 5,
    "line": 67,
    "rule": "declaration-block-no-shorthand-property-overrides",
    "severity": "error",
  },
  Object {
    "column": 5,
    "line": 67,
    "rule": "order/properties-order",
    "severity": "error",
  },
  Object {
    "column": 5,
    "line": 76,
    "rule": "order/properties-order",
    "severity": "error",
  },
  Object {
    "column": 5,
    "line": 82,
    "rule": "order/properties-order",
    "severity": "error",
  },
  Object {
    "column": 5,
    "line": 86,
    "rule": "order/properties-order",
    "severity": "error",
  },
  Object {
    "column": 5,
    "line": 90,
    "rule": "order/properties-order",
    "severity": "error",
  },
  Object {
    "column": 5,
    "line": 96,
    "rule": "order/properties-order",
    "severity": "error",
  },
  Object {
    "column": 5,
    "line": 103,
    "rule": "declaration-block-no-shorthand-property-overrides",
    "severity": "error",
  },
  Object {
    "column": 5,
    "line": 103,
    "rule": "order/properties-order",
    "severity": "error",
  },
  Object {
    "column": 5,
    "line": 115,
    "rule": "order/properties-order",
    "severity": "error",
  },
  Object {
    "column": 5,
    "line": 124,
    "rule": "order/properties-order",
    "severity": "error",
  },
  Object {
    "column": 5,
    "line": 132,
    "rule": "order/properties-order",
    "severity": "error",
  },
  Object {
    "column": 5,
    "line": 133,
    "rule": "order/properties-order",
    "severity": "error",
  },
  Object {
    "column": 5,
    "line": 138,
    "rule": "order/properties-order",
    "severity": "error",
  },
  Object {
    "column": 5,
    "line": 144,
    "rule": "declaration-block-no-shorthand-property-overrides",
    "severity": "error",
  },
  Object {
    "column": 5,
    "line": 144,
    "rule": "order/properties-order",
    "severity": "error",
  },
  Object {
    "column": 5,
    "line": 154,
    "rule": "declaration-block-no-shorthand-property-overrides",
    "severity": "error",
  },
  Object {
    "column": 5,
    "line": 154,
    "rule": "order/properties-order",
    "severity": "error",
  },
]
`;

exports[`should pass on fixtures/order.good.css 1`] = `Array []`;
